[INFO] Scanning for projects...
[INFO] 
[INFO] -------------------------< com.jamil:ahadith >--------------------------
[INFO] Building Ahadith 0.0.1-SNAPSHOT
[INFO]   from pom.xml
[INFO] --------------------------------[ jar ]---------------------------------
[INFO] 
[INFO] --- resources:3.3.1:resources (default-resources) @ ahadith ---
[INFO] Copying 3 resources from src\main\resources to target\classes
[INFO] Copying 2 resources from src\main\resources to target\classes
[INFO] 
[INFO] --- compiler:3.13.0:compile (default-compile) @ ahadith ---
[INFO] Nothing to compile - all classes are up to date.
[INFO] ------------------------------------------------------------------------
[INFO] BUILD SUCCESS
[INFO] ------------------------------------------------------------------------
[INFO] Total time:  1.109 s
[INFO] Finished at: 2026-06-29T23:52:34+03:00
[INFO] ------------------------------------------------------------------------
